// Jest Snapshot v1, https://goo.gl/fbAQLP

exports[`Pruebas en <MultipleCustomHook /> debe de mostrarse correctamente 1`] = `
<div>
  <h1>
    BreakingBad quotes
  </h1>
  <hr />
  <div
    className="alert alert-info"
  >
    Loading...
  </div>
  <button
    className="btn btn-primary"
    onClick={[Function]}
  >
    Siguiente frase
  </button>
</div>
`;
